INFO    : Building target print
INFO    : XSL conversion of C:\Users\ruchi\Documents\Pretext\new-pretext-project\source\main.ptx by C:\Users\ruchi\.ptx\2.31.0\core\xsl\utilities\pretext-enhanced-source.xsl
INFO    : successful application of C:\Users\ruchi\.ptx\2.31.0\core\xsl\utilities\pretext-enhanced-source.xsl
INFO    : Generating any needed assets.
INFO    : Finished generating assets.

INFO    : Preparing to build into C:\Users\ruchi\Documents\Pretext\new-pretext-project\output\print.
INFO    : discovering source file's directory name: C:\Users\ruchi\Documents\Pretext\new-pretext-project\source
INFO    : verifying and expanding input directory: C:\Users\ruchi\Documents\Pretext\new-pretext-project\source\../generated-assets
INFO    : input directory expanded to absolute path: C:\Users\ruchi\Documents\Pretext\new-pretext-project\generated-assets
INFO    : verifying and expanding input directory: C:\Users\ruchi\Documents\Pretext\new-pretext-project\source\../assets
INFO    : input directory expanded to absolute path: C:\Users\ruchi\Documents\Pretext\new-pretext-project\assets
INFO    : XSL conversion of C:\Users\ruchi\Documents\Pretext\new-pretext-project\source\main.ptx by C:\Users\ruchi\.ptx\2.31.0\core\xsl\utilities\report-publisher-variables.xsl
INFO    : successful application of C:\Users\ruchi\.ptx\2.31.0\core\xsl\utilities\report-publisher-variables.xsl
INFO    : converting C:\Users\ruchi\Documents\Pretext\new-pretext-project\source\main.ptx to LaTeX as C:\Users\ruchi\AppData\Local\Temp\ptx-6au3230v\main.tex
INFO    : XSL conversion of C:\Users\ruchi\Documents\Pretext\new-pretext-project\source\main.ptx by C:\Users\ruchi\.ptx\2.31.0\core\xsl\pretext-latex.xsl
INFO    : messages from the log for XSL processing:
INFO    : * PTX:INFO:   checking all deprecated elements.
INFO    : successful application of C:\Users\ruchi\.ptx\2.31.0\core\xsl\pretext-latex.xsl
INFO    : Removing temporary directory C:\Users\ruchi\AppData\Local\Temp\ptx-6au3230v
INFO    : Removing temporary directory C:\Users\ruchi\AppData\Local\Temp\ptx-3j43t4ov
INFO    : Removing temporary directory C:\Users\ruchi\AppData\Local\Temp\ptx-di7vhqai
INFO    : 
Finished build for target print. The output is in C:\Users\ruchi\Documents\Pretext\new-pretext-project\output\print.

INFO    : 
Success!  Built requested target(s) without errors.

INFO    : 
