INFO    : Since no target was supplied, we will use "web".

INFO    : Building target web
INFO    : XSL conversion of C:\Users\ruchi\Documents\Pretext\new-pretext-project\source\main.ptx by C:\Users\ruchi\.ptx\2.31.0\core\xsl\utilities\pretext-enhanced-source.xsl
INFO    : successful application of C:\Users\ruchi\.ptx\2.31.0\core\xsl\utilities\pretext-enhanced-source.xsl
INFO    : Generating any needed assets.
INFO    : Finished generating assets.

INFO    : Preparing to build into C:\Users\ruchi\Documents\Pretext\new-pretext-project\output\web.
WARNING : Node.js must be installed to build CSS files.  Please install node.js and npm.
 Will try to use prebuilt CSS files instead.
WARNING : Cannot find npm.  Will try to use prebuilt CSS files instead.
WARNING : Unable to install npm packages to build css files.  Non-default CSS themes require node.js and npm to be installed.  See https://pretextbook.org/doc/guide/html/node-and-npm.html
WARNING : 
INFO    : discovering source file's directory name: C:\Users\ruchi\Documents\Pretext\new-pretext-project\source
INFO    : verifying and expanding input directory: C:\Users\ruchi\Documents\Pretext\new-pretext-project\source\../generated-assets
INFO    : input directory expanded to absolute path: C:\Users\ruchi\Documents\Pretext\new-pretext-project\generated-assets
INFO    : verifying and expanding input directory: C:\Users\ruchi\Documents\Pretext\new-pretext-project\source\../assets
INFO    : input directory expanded to absolute path: C:\Users\ruchi\Documents\Pretext\new-pretext-project\assets
INFO    : XSL conversion of C:\Users\ruchi\Documents\Pretext\new-pretext-project\source\main.ptx by C:\Users\ruchi\.ptx\2.31.0\core\xsl\utilities\report-publisher-variables.xsl
INFO    : successful application of C:\Users\ruchi\.ptx\2.31.0\core\xsl\utilities\report-publisher-variables.xsl
INFO    : Downloading rs services file from https://runestone.academy/cdn/runestone/latest/webpack_static_imports.xml.
INFO    : Runestone Services via online CDN query: version 7.9.19
INFO    : Downloading Runestone Services, version 7.9.19
INFO    : Extracting Runestone Services from archive file
INFO    : Node.js not available. Relying on prebuilt default-modern.
INFO    : Using prebuilt CSS theme: default-modern with options: {'options': {'primary-color': '#195684', 'secondary-color': '#932c1c'}, 'contrast-checks': {'primary-color': '#fff', 'secondary-color': '#fff', 'primary-color-dark': '#23241f'}}
INFO    : converting C:\Users\ruchi\Documents\Pretext\new-pretext-project\source\main.ptx to HTML in C:\Users\ruchi\AppData\Local\Temp\ptx-7tsxotlq
INFO    : XSL conversion of C:\Users\ruchi\Documents\Pretext\new-pretext-project\source\main.ptx by C:\Users\ruchi\.ptx\2.31.0\core\xsl\pretext-html.xsl
INFO    : messages from the log for XSL processing:
ERROR   : * PTX:ERROR: the @xml:id value "ch-chapter-title" should be unique, but is authored multiple times.
INFO    : *            Results will be unpredictable, and likely incorrect.  Information on the locations follows:
INFO    : *              located within: "ch-chapter-title" (xml:id), "Chapter Title" (title)
ERROR   : * PTX:ERROR: the @xml:id value "sec-section-name" should be unique, but is authored multiple times.
INFO    : *              located within: "sec-section-name" (xml:id), "Section Title" (title)
INFO    : * PTX:INFO:   checking all deprecated elements.
INFO    : successful application of C:\Users\ruchi\.ptx\2.31.0\core\xsl\pretext-html.xsl
INFO    : Removing temporary directory C:\Users\ruchi\AppData\Local\Temp\ptx-7tsxotlq
INFO    : Removing temporary directory C:\Users\ruchi\AppData\Local\Temp\ptx-xxkhjo_6
INFO    : 
Finished build for target web. Run `pretext view web` to see the results.

CRITICAL: There were errors during the build.  See above.
INFO    : ------------------------
CRITICAL: Failed to build without errors.  Exiting...
INFO    : 
----------------------------------------------------
INFO    : While running pretext, the following errors occurred:

INFO    : (see log messages above or in the 'logs' folder for more information)
INFO    : ----------------------------------------------------
